make all --print-data-base --no-builtin-variables --no-builtin-rules --question
# GNU Make 4.3
# Built for x86_64-pc-linux-gnu
# Copyright (C) 1988-2020 Free Software Foundation, Inc.
# License GPLv3+: GNU GPL version 3 or later <http://gnu.org/licenses/gpl.html>
# This is free software: you are free to change and redistribute it.
# There is NO WARRANTY, to the extent permitted by law.
 

# Make data base, printed on Mon Oct 28 09:58:11 2024

# Variables

# makefile (from 'Makefile', line 287)
localstatedir = ${prefix}/var
# makefile (from 'Makefile', line 72)
pkgdatadir = $(datadir)/multicore-hashjoins
# makefile (from 'Makefile', line 244)
PACKAGE_TARNAME = multicore-hashjoins
# makefile (from 'Makefile', line 230)
INSTALL_PROGRAM = ${INSTALL}
# makefile (from 'Makefile', line 305)
LIBDIR = $(am__append_1)
# environment
LC_ALL = C
# makefile (from 'Makefile', line 307)
EXTRA_DIST = lib wisconsin-src doc/Doxyfile pcm.cfg README src/cpu-mapping.txt.README wisconsin-src/cpu-mapping.txt.README
# makefile (from 'Makefile', line 239)
OBJEXT = o
# makefile (from 'Makefile', line 257)
ac_ct_CXX = 
# makefile (from 'Makefile', line 161)
distdir = $(PACKAGE)-$(VERSION)
# makefile (from 'Makefile', line 266)
build_cpu = x86_64
# makefile (from 'Makefile', line 84)
POST_INSTALL = :
# makefile (from 'Makefile', line 94)
am__configure_deps = $(am__aclocal_m4_deps) $(CONFIGURE_DEPENDENCIES) $(ACLOCAL_M4)
# makefile (from 'Makefile', line 139)
am__tagged_files = $(HEADERS) $(SOURCES) $(TAGS_FILES) $(LISP) config.h.in
# makefile (from 'Makefile', line 242)
PACKAGE_NAME = multicore-hashjoins
# makefile (from 'Makefile', line 199)
AM_DISTCHECK_DVI_TARGET = dvi
 
# makefile (from 'Makefile', line 283)
install_sh = ${SHELL} /home/luoqiang/xymc/hashjoin/install-sh
# environment
LC_NAME = en_US.UTF-8
# environment
LC_NUMERIC = en_US.UTF-8
# makefile (from 'Makefile', line 231)
INSTALL_SCRIPT = ${INSTALL}
# environment
VSCODE_CWD = /home/luoqiang
# makefile (from 'Makefile', line 118)
RECURSIVE_TARGETS = all-recursive check-recursive cscopelist-recursive ctags-recursive dvi-recursive html-recursive info-recursive install-data-recursive install-dvi-recursive install-exec-recursive install-html-recursive install-info-recursive install-pdf-recursive install-ps-recursive install-recursive installcheck-recursive installdirs-recursive pdf-recursive ps-recursive tags-recursive uninstall-recursive
# makefile (from 'Makefile', line 235)
LIBS = -lpthread -lm 
# makefile (from 'Makefile', line 109)
am__v_GEN_ = $(am__v_GEN_$(AM_DEFAULT_VERBOSITY))
# makefile (from 'Makefile', line 28)
am__make_running_with_option = case $${target_option-} in ?) ;; *) echo "am__make_running_with_option: internal error: invalid" "target option '$${target_option-}' specified" >&2; exit 1;; esac; has_opt=no; sane_makeflags=$$MAKEFLAGS; if $(am__is_gnu_make); then sane_makeflags=$$MFLAGS; else case $$MAKEFLAGS in *\\[\ \	]*) bs=\\; sane_makeflags=`printf '%s\n' "$$MAKEFLAGS" | sed "s/$$bs$$bs[$$bs $$bs	]*//g"`;; esac; fi; skip_next=no; strip_trailopt () { flg=`printf '%s\n' "$$flg" | sed "s/$$1.*$$//"`; }; for flg in $$sane_makeflags; do test $$skip_next = yes && { skip_next=no; continue; }; case $$flg in *=*|--*) continue;; -*I) strip_trailopt 'I'; skip_next=yes;; -*I?*) strip_trailopt 'I';; -*O) strip_trailopt 'O'; skip_next=yes;; -*O?*) strip_trailopt 'O';; -*l) strip_trailopt 'l'; skip_next=yes;; -*l?*) strip_trailopt 'l';; -[dEDm]) skip_next=yes;; -[JT]) skip_next=yes;; esac; case $$flg in *$$target_option*) has_opt=yes; break;; esac; done; test $$has_opt = yes
# makefile (from 'Makefile', line 223)
ECHO_C = 
# environment
 
LC_ADDRESS = en_US.UTF-8
# makefile (from 'Makefile', line 160)
DISTFILES = $(DIST_COMMON) $(DIST_SOURCES) $(TEXINFOS) $(EXTRA_DIST)
# default
MAKE_COMMAND := make
# environment
VSCODE_HANDLES_SIGPIPE = true
# makefile (from 'Makefile', line 292)
prefix = /usr/local
# makefile (from 'Makefile', line 267)
build_os = linux-gnu
# automatic
@D = $(patsubst %/,%,$(dir $@))
# makefile (from 'Makefile', line 246)
PACKAGE_VERSION = 0.1
# makefile (from 'Makefile', line 304)
AUTOMAKE_OPTIONS = foreign
 
# makefile (from 'Makefile', line 104)
AM_V_P = $(am__v_P_$(V))
# makefile (from 'Makefile', line 221)
DEFS = -DHAVE_CONFIG_H
# makefile (from 'Makefile', line 226)
ETAGS = etags
# environment
VSCODE_HANDLES_UNCAUGHT_ERRORS = true
# default
.VARIABLES := 
# environment
PWD = /home/luoqiang/xymc/hashjoin
# makefile (from 'Makefile', line 212)
CCDEPMODE = depmode=gcc3
# automatic
%D = $(patsubst %/,%,$(dir $%))
# makefile (from 'Makefile', line 170)
am__relativize = dir0=`pwd`; sed_first='s,^\([^/]*\)/.*$$,\1,'; sed_rest='s,^[^/]*/*,,'; sed_last='s,^.*/\([^/]*\)$$,\1,'; sed_butlast='s,/*[^/]*$$,,'; while test -n "$$dir1"; do first=`echo "$$dir1" | sed -e "$$sed_first"`; if test "$$first" != "."; then if test "$$first" = ".."; then dir2=`echo "$$dir0" | sed -e "$$sed_last"`/"$$dir2"; dir0=`echo "$$dir0" | sed -e "$$sed_butlast"`; else first2=`echo "$$dir2" | sed -e "$$sed_first"`; if test "$$first2" = "$$first"; then dir2=`echo "$$dir2" | sed -e "$$sed_rest"`; else dir2="../$$dir2"; fi; dir0="$$dir0"/"$$first"; fi; fi; dir1=`echo "$$dir1" | sed -e "$$sed_rest"`; done; reldir="$$dir2"
# makefile (from 'Makefile', line 300)
target_alias = 
# environment
 
LSCOLORS = Gxfxcxdxbxegedabagacad
# makefile (from 'Makefile', line 268)
build_vendor = pc
# makefile (from 'Makefile', line 270)
datadir = ${datarootdir}
# environment
OLDPWD = /home/luoqiang
# automatic
^D = $(patsubst %/,%,$(dir $^))
# makefile (from 'Makefile', line 234)
LIBOBJS = 
# automatic
%F = $(notdir $%)
# makefile (from 'Makefile', line 269)
builddir = .
# makefile (from 'Makefile', line 103)
CONFIG_CLEAN_VPATH_FILES = 
# environment
 
LANG = C
# makefile (from 'Makefile', line 294)
psdir = ${docdir}
# default
.LOADED := 
# default
.INCLUDE_DIRS = /usr/local/include /usr/include /usr/include
# makefile (from 'Makefile', line 288)
mandir = ${datarootdir}/man
# makefile
MAKEFLAGS = pqrR
# makefile (from 'Makefile', line 70)
am__make_dryrun = (target_option=n; $(am__make_running_with_option))
# makefile (from 'Makefile', line 218)
CXXDEPMODE = depmode=gcc3
 
# makefile (from 'Makefile', line 220)
CYGPATH_W = echo
# makefile (from 'Makefile', line 163)
am__remove_distdir = if test -d "$(distdir)"; then find "$(distdir)" -type d ! -perm -200 -exec chmod u+w {} ';' && rm -rf "$(distdir)" || { sleep 5 && rm -rf "$(distdir)"; }; else :; fi
# makefile (from 'Makefile', line 115)
am__v_at_1 = 
# makefile
CURDIR := /home/luoqiang/xymc/hashjoin
# makefile (from 'Makefile', line 96)
DIST_COMMON = $(srcdir)/Makefile.am $(top_srcdir)/configure $(am__configure_deps) $(am__DIST_COMMON)
# environment
APPLICATION_INSIGHTS_NO_DIAGNOSTIC_CHANNEL = true
# makefile (from 'Makefile', line 208)
AUTOHEADER = autoheader
 
# environment
VSCODE_L10N_BUNDLE_LOCATION = vscode-local:/home/xymc/.vscode/extensions/ms-ceintl.vscode-language-pack-zh-hans-1.94.2024101609/translations/extensions/vscode.json-language-features.i18n.json
# automatic
*D = $(patsubst %/,%,$(dir $*))
# makefile (from 'Makefile', line 251)
VERSION = 0.1
# makefile (from 'Makefile', line 285)
libexecdir = ${exec_prefix}/libexec
# makefile (from 'Makefile', line 110)
am__v_GEN_0 = @echo "  GEN     " $@;
# environment
MFLAGS = -pqrR
# default
.SHELLFLAGS := -c
 
# makefile (from 'Makefile', line 293)
program_transform_name = s,x,x,
# makefile (from 'Makefile', line 272)
docdir = ${datarootdir}/doc/${PACKAGE_TARNAME}
# automatic
+D = $(patsubst %/,%,$(dir $+))
# makefile (from 'Makefile', line 279)
host_vendor = unknown
# environment
P9K_SSH = 1
# makefile (from 'Makefile', line 258)
am__include = include
# makefile (from 'Makefile', line 1)
MAKEFILE_LIST := Makefile
# automatic
@F = $(notdir $@)
 
# environment
ZSH = /home/luoqiang/.oh-my-zsh
# makefile (from 'Makefile', line 224)
ECHO_N = -n
# environment
SSL_CERT_FILE = /usr/lib/ssl/certs/ca-certificates.crt
# environment
XDG_SESSION_TYPE = tty
# automatic
?D = $(patsubst %/,%,$(dir $?))
# makefile (from 'Makefile', line 93)
am__aclocal_m4_deps = $(top_srcdir)/configure.ac
# makefile (from 'Makefile', line 276)
host_alias = aarch64-linux-gnu
# makefile (from 'Makefile', line 240)
 
PACKAGE = multicore-hashjoins
# makefile (from 'Makefile', line 113)
am__v_at_ = $(am__v_at_$(AM_DEFAULT_VERBOSITY))
# makefile (from 'Makefile', line 117)
DIST_SOURCES = 
# makefile (from 'Makefile', line 241)
PACKAGE_BUGREPORT = cagri.balkesen@inf.ethz.ch
# makefile (from 'Makefile', line 228)
INSTALL = /usr/bin/install -c
# makefile (from 'Makefile', line 265)
build_alias = 
# makefile (from 'Makefile', line 76)
am__cd = CDPATH="$${ZSH_VERSION+.}$(PATH_SEPARATOR)" && cd
# makefile (from 'Makefile', line 275)
host = aarch64-unknown-linux-gnu
# automatic
*F = $(notdir $*)
# makefile (from 'Makefile', line 210)
AWK = gawk
# makefile (from 'Makefile', line 98)
am__CONFIG_DISTCLEAN_FILES = config.status config.cache config.log configure.lineno config.status.lineno
# makefile (from 'Makefile', line 157)
DIST_SUBDIRS = lib/intel-pcm-1.7 src
# makefile (from 'Makefile', line 232)
INSTALL_STRIP_PROGRAM = $(install_sh) -c -s
# makefile (from 'Makefile', line 225)
ECHO_T = 
# makefile (from 'Makefile', line 205)
AMTAR = $${TAR-tar}
# environment
DBUS_SESSION_BUS_ADDRESS = unix:path=/run/user/1013/bus
# environment
SSL_CERT_DIR = /usr/lib/ssl/certs
# automatic
<D = $(patsubst %/,%,$(dir $<))
# environment
VSCODE_CLI_REQUIRE_TOKEN = 216a4132-c3ad-45db-bc1c-4d403a5a5cbf
# makefile (from 'Makefile', line 259)
am__leading_dot = .
# makefile (from 'Makefile', line 133)
am__recursive_targets = $(RECURSIVE_TARGETS) $(RECURSIVE_CLEAN_TARGETS) $(am__extra_recursive_targets)
# makefile (from 'Makefile', line 209)
AUTOMAKE = automake-1.16
# environment
VSCODE_NLS_CONFIG = {"userLocale":"zh-cn","osLocale":"zh-cn","resolvedLanguage":"en","defaultMessagesFile":"/home/luoqiang/.vscode-server/cli/servers/Stable-384ff7382de624fb94dbaf6da11977bba1ecd427/server/out/nls.messages.json","locale":"zh-cn","availableLanguages":{}}
# makefile (from 'Makefile', line 238)
MKDIR_P = /usr/bin/mkdir -p
# default
MAKE_HOST := x86_64-pc-linux-gnu
# makefile (from 'Makefile', line 255)
abs_top_srcdir = /home/luoqiang/xymc/hashjoin
# makefile (from 'Makefile', line 83)
PRE_INSTALL = :
# makefile (from 'Makefile', line 249)
SHELL = /bin/bash
# default
MAKECMDGOALS := all
# makefile (from 'Makefile', line 290)
oldincludedir = /usr/include
# environment
SHLVL = 1
# makefile (from 'Makefile', line 299)
sysconfdir = ${prefix}/etc
# makefile (from 'Makefile', line 303)
top_srcdir = .
# environment
_P9K_SSH_TTY = 
# makefile (from 'Makefile', line 101)
CONFIG_HEADER = config.h
# environment
MAKELEVEL := 0
# makefile (from 'Makefile', line 92)
ACLOCAL_M4 = $(top_srcdir)/aclocal.m4
# default
MAKE = $(MAKE_COMMAND)
# makefile (from 'Makefile', line 302)
top_builddir = .
# environment
PATH = /home/luoqiang/.vscode-server/cli/servers/Stable-384ff7382de624fb94dbaf6da11977bba1ecd427/server/bin/remote-cli:/usr/local/sbin:/usr/local/bin:/usr/sbin:/usr/bin:/sbin:/bin:/usr/games:/usr/local/games:/snap/bin
# makefile (from 'Makefile', line 216)
CTAGS = ctags
# default
MAKEFILES := 
# makefile (from 'Makefile', line 227)
EXEEXT = 
# makefile (from 'Makefile', line 203)
distcleancheck_listfiles = find . -type f -print
# makefile (from 'Makefile', line 247)
PATH_SEPARATOR = :
# makefile (from 'Makefile', line 282)
infodir = ${datarootdir}/info
# environment
 
MOTD_SHOWN = pam
# environment
LC_MONETARY = en_US.UTF-8
# automatic
^F = $(notdir $^)
# makefile (from 'Makefile', line 195)
DIST_ARCHIVES = $(distdir).tar.gz
# makefile (from 'Makefile', line 197)
DIST_TARGETS = dist-gzip
# makefile (from 'Makefile', line 243)
PACKAGE_STRING = multicore-hashjoins 0.1
# makefile (from 'Makefile', line 112)
AM_V_at = $(am__v_at_$(V))
# makefile (from 'Makefile', line 286)
localedir = ${datarootdir}/locale
# makefile (from 'Makefile', line 263)
 
bindir = ${exec_prefix}/bin
# environment
LC_TIME = en_US.UTF-8
# makefile (from 'Makefile', line 80)
INSTALL_HEADER = $(INSTALL_DATA)
# makefile (from 'Makefile', line 215)
CSCOPE = cscope
# makefile (from 'Makefile', line 271)
datarootdir = ${prefix}/share
# makefile (from 'Makefile', line 89)
host_triplet = aarch64-unknown-linux-gnu
# environment
SSH_CLIENT = 10.180.191.227 38146 22
# makefile (from 'Makefile', line 77)
install_sh_DATA = $(install_sh) -c -m 644
# makefile (from 'Makefile', line 17)
 
am__is_gnu_make = { if test -z '$(MAKELEVEL)'; then false; elif test -n '$(MAKE_HOST)'; then true; elif test -n '$(MAKE_VERSION)' && test -n '$(CURDIR)'; then true; else false; fi; }
# makefile (from 'Makefile', line 264)
build = x86_64-pc-linux-gnu
# makefile (from 'Makefile', line 289)
mkdir_p = $(MKDIR_P)
# makefile (from 'Makefile', line 102)
CONFIG_CLEAN_FILES = 
# makefile (from 'Makefile', line 91)
subdir = .
# environment
LC_TELEPHONE = en_US.UTF-8
# makefile (from 'Makefile', line 274)
exec_prefix = ${prefix}
# automatic
?F = $(notdir $?)
# makefile (from 'Makefile', line 74)
pkglibdir = $(libdir)/multicore-hashjoins
 
# makefile (from 'Makefile', line 88)
build_triplet = x86_64-pc-linux-gnu
# makefile (from 'Makefile', line 107)
am__v_P_1 = :
# environment
LS_COLORS = 
# automatic
+F = $(notdir $+)
# environment
LESS = -R
# makefile (from 'Makefile', line 87)
POST_UNINSTALL = :
# makefile (from 'Makefile', line 281)
includedir = ${prefix}/include
# makefile (from 'Makefile', line 261)
 
am__tar = $${TAR-tar} chof - "$$tardir"
# makefile (from 'Makefile', line 237)
MAKEINFO = makeinfo
# 'override' directive
GNUMAKEFLAGS := 
# environment
BROWSER = /home/luoqiang/.vscode-server/cli/servers/Stable-384ff7382de624fb94dbaf6da11977bba1ecd427/server/bin/helpers/browser.sh
# makefile (from 'Makefile', line 71)
am__make_keepgoing = (target_option=k; $(am__make_running_with_option))
# makefile (from 'Makefile', line 253)
abs_srcdir = /home/luoqiang/xymc/hashjoin
# makefile (from 'Makefile', line 298)
 
srcdir = .
# makefile (from 'Makefile', line 297)
sharedstatedir = ${prefix}/com
# makefile (from 'Makefile', line 248)
SET_MAKE = 
# makefile (from 'Makefile', line 111)
am__v_GEN_1 = 
# makefile (from 'Makefile', line 137)
AM_RECURSIVE_TARGETS = $(am__recursive_targets:-recursive=) TAGS CTAGS cscope distdir distdir-am dist dist-all distcheck
# environment
LOGNAME = luoqiang
# makefile (from 'Makefile', line 75)
 
pkglibexecdir = $(libexecdir)/multicore-hashjoins
# makefile (from 'Makefile', line 79)
install_sh_SCRIPT = $(install_sh) -c
# makefile (from 'Makefile', line 214)
CPPFLAGS = 
# makefile (from 'Makefile', line 236)
LTLIBOBJS = 
# makefile (from 'Makefile', line 105)
am__v_P_ = $(am__v_P_$(AM_DEFAULT_VERBOSITY))
# makefile
.DEFAULT_GOAL := all
# makefile (from 'Makefile', line 78)
install_sh_PROGRAM = $(install_sh) -c
 
# makefile (from 'Makefile', line 200)
distuninstallcheck_listfiles = find . -type f -print
# environment
USER = luoqiang
# makefile (from 'Makefile', line 260)
am__quote = 
# default
MAKE_VERSION := 4.3
# makefile (from 'Makefile', line 106)
am__v_P_0 = false
# makefile (from 'Makefile', line 254)
abs_top_builddir = /home/luoqiang/xymc/hashjoin
 
# makefile (from 'Makefile', line 206)
AM_DEFAULT_VERBOSITY = 1
# makefile (from 'Makefile', line 233)
LDFLAGS = 
# makefile (from 'Makefile', line 252)
abs_builddir = /home/luoqiang/xymc/hashjoin
# makefile (from 'Makefile', line 114)
am__v_at_0 = @
# makefile (from 'Makefile', line 169)
am__post_remove_distdir = $(am__remove_distdir)
# environment
LC_MEASUREMENT = en_US.UTF-8
 
# makefile (from 'Makefile', line 291)
pdfdir = ${docdir}
# environment
PAGER = less
# makefile (from 'Makefile', line 86)
PRE_UNINSTALL = :
# environment
VSCODE_AGENT_FOLDER = /home/luoqiang/.vscode-server
# environment
_ = /home/luoqiang/.vscode-server/cli/servers/Stable-384ff7382de624fb94dbaf6da11977bba1ecd427/server/node
# makefile (from 'Makefile', line 207)
 
AUTOCONF = autoconf
# environment
LC_PAPER = en_US.UTF-8
# environment
XDG_RUNTIME_DIR = /run/user/1013
# makefile (from 'Makefile', line 213)
CFLAGS = -g -O2
# makefile (from 'Makefile', line 306)
SUBDIRS = $(LIBDIR) src
# makefile (from 'Makefile', line 100)
mkinstalldirs = $(install_sh) -d
# makefile (from 'Makefile', line 158)
 
am__DIST_COMMON = $(srcdir)/Makefile.in $(srcdir)/config.h.in README compile config.guess config.sub depcomp install-sh missing
# makefile (from 'Makefile', line 245)
PACKAGE_URL = 
# makefile (from 'Makefile', line 296)
sbindir = ${exec_prefix}/sbin
# environment
VSCODE_IPC_HOOK_CLI = /run/user/1013/vscode-ipc-1ecbd0fe-2296-4049-9ffd-72821b01a8ac.sock
# makefile (from 'Makefile', line 82)
NORMAL_INSTALL = :
# environment
XDG_SESSION_CLASS = user
# makefile (from 'Makefile', line 273)
 
dvidir = ${docdir}
# environment
VSCODE_AMD_ENTRYPOINT = vs/workbench/api/node/extensionHostProcess
# makefile (from 'Makefile', line 277)
host_cpu = aarch64
# environment
HOME = /home/luoqiang
# makefile (from 'Makefile', line 204)
ACLOCAL = aclocal-1.16
# makefile (from 'Makefile', line 144)
am__uniquify_input = $(AWK) ' BEGIN { nonempty = 0; } { items[$$0] = 1; nonempty = 1; } END { if (nonempty) { for (i in items) print i; }; } '
# makefile (from 'Makefile', line 229)
INSTALL_DATA = ${INSTALL} -m 644
# environment
ELECTRON_RUN_AS_NODE = 1
 
# makefile (from 'Makefile', line 73)
pkgincludedir = $(includedir)/multicore-hashjoins
# makefile (from 'Makefile', line 85)
NORMAL_UNINSTALL = :
# environment
XDG_SESSION_ID = 8499
# makefile (from 'Makefile', line 126)
am__can_run_installinfo = case $$AM_UPDATE_INFO_DIR in n|no|NO) false;; *) (install-info --version) >/dev/null 2>&1;; esac
# makefile (from 'Makefile', line 301)
top_build_prefix = 
# default
.RECIPEPREFIX := 
# automatic
<F = $(notdir $<)
 
# makefile (from 'Makefile', line 278)
host_os = linux-gnu
# makefile (from 'Makefile', line 201)
am__distuninstallcheck_listfiles = $(distuninstallcheck_listfiles) | sed 's|^\./|$(prefix)/|' | grep -v '$(infodir)/dir$$'
# makefile (from 'Makefile', line 131)
RECURSIVE_CLEAN_TARGETS = mostlyclean-recursive clean-recursive distclean-recursive maintainer-clean-recursive
# makefile (from 'Makefile', line 222)
DEPDIR = .deps
# default
SUFFIXES := 
# makefile (from 'Makefile', line 81)
transform = $(program_transform_name)
# makefile (from 'Makefile', line 295)
runstatedir = ${localstatedir}/run
 
# makefile (from 'Makefile', line 219)
CXXFLAGS = -g -O2
# makefile (from 'Makefile', line 152)
am__define_uniq_tagged_files = list='$(am__tagged_files)'; unique=`for i in $$list; do if test -f "$$i"; then echo $$i; else echo $(srcdir)/$$i; fi; done | $(am__uniquify_input)`
# makefile (from 'Makefile', line 284)
libdir = ${exec_prefix}/lib
# makefile (from 'Makefile', line 250)
STRIP = aarch64-linux-gnu-strip
# default
.FEATURES := target-specific order-only second-expansion else-if shortest-stem undefine oneshell nocomment grouped-target extra-prereqs archives jobserver output-sync check-symlink load
# makefile (from 'Makefile', line 162)
top_distdir = $(distdir)
# makefile (from 'Makefile', line 217)
CXX = aarch64-linux-gnu-g++
 
# makefile (from 'Makefile', line 256)
ac_ct_CC = 
# makefile (from 'Makefile', line 211)
CC = aarch64-linux-gnu-gcc
# makefile (from 'Makefile', line 116)
SOURCES = 
# makefile (from 'Makefile', line 196)
GZIP_ENV = --best
# makefile (from 'Makefile', line 280)
htmldir = ${docdir}
# makefile (from 'Makefile', line 262)
am__untar = $${TAR-tar} xf -
# makefile (from 'Makefile', line 108)
AM_V_GEN = $(am__v_GEN_$(V))
# environment
 
LC_IDENTIFICATION = en_US.UTF-8
# environment
SSH_CONNECTION = 10.180.191.227 38146 192.168.124.20 22
# variable set hash-table stats:
# Load=255/1024=25%, Rehash=0, Collisions=89/378=24%

# Pattern-specific Variable Values

# No pattern-specific variable values.

# Directories

 
# . (device 2080, inode 15112128392): 38 files, no impossibilities.

# 38 files, no impossibilities in 1 directories.

# Implicit Rules

# No implicit rules.

# Files

distcleancheck: distclean
 
#  Phony target (prerequisite of .PHONY).
#  Implicit rule search has not been done.
#  File does not exist.
#  File has not been updated.
#  recipe to execute (from 'Makefile', line 662):
	@if test '$(srcdir)' = . ; then \
	  echo "ERROR: distcleancheck can only run from a VPATH build" ; \
	  exit 1 ; \
	fi
	@test `$(distcleancheck_listfiles) | wc -l` -eq 0 \
	  || { echo "ERROR: files left in build directory after distclean:" ; \
	       $(distcleancheck_listfiles) ; \
	       exit 1; } >&2

install-pdf: install-pdf-recursive
 
#  Phony target (prerequisite of .PHONY).
#  Implicit rule search has not been done.
#  File does not exist.
#  File has not been updated.

dist-bzip2: distdir
#  Phony target (prerequisite of .PHONY).
#  Implicit rule search has not been done.
#  File does not exist.
#  File has not been updated.
#  recipe to execute (from 'Makefile', line 545):
	tardir=$(distdir) && $(am__tar) | BZIP2=$${BZIP2--9} bzip2 -c >$(distdir).tar.bz2
	$(am__post_remove_distdir)

dist-zstd: distdir
#  Phony target (prerequisite of .PHONY).
#  Implicit rule search has not been done.
#  File does not exist.
 
#  File has not been updated.
#  recipe to execute (from 'Makefile', line 557):
	tardir=$(distdir) && $(am__tar) | zstd -c $${ZSTD_CLEVEL-$${ZSTD_OPT--19}} >$(distdir).tar.zst
	$(am__post_remove_distdir)

dist:
#  Phony target (prerequisite of .PHONY).
#  Implicit rule search has not been done.
#  File does not exist.
#  File has not been updated.
#  recipe to execute (from 'Makefile', line 580):
	$(MAKE) $(AM_MAKEFLAGS) $(DIST_TARGETS) am__post_remove_distdir='@:'
	$(am__post_remove_distdir)

 
install-info: install-info-recursive
#  Phony target (prerequisite of .PHONY).
#  Implicit rule search has not been done.
#  File does not exist.
#  File has not been updated.

check: check-recursive
#  Phony target (prerequisite of .PHONY).
#  Implicit rule search has not been done.
#  File does not exist.
#  File has not been updated.

config.h.in: configure.ac aclocal.m4
#  Implicit rule search has not been done.
 
#  Last modified 2024-08-26 19:55:41.480228184
#  File has been updated.
#  Successfully updated.
#  recipe to execute (from 'Makefile', line 361):
	($(am__cd) $(top_srcdir) && $(AUTOHEADER))
	rm -f stamp-h1
	touch $@

distdir-am: Makefile.am configure configure.ac aclocal.m4 Makefile.in config.h.in README compile config.guess config.sub depcomp install-sh missing lib wisconsin-src doc/Doxyfile pcm.cfg README src/cpu-mapping.txt.README wisconsin-src/cpu-mapping.txt.README
 
#  Implicit rule search has not been done.
#  Modification time never checked.
#  File has not been updated.
#  recipe to execute (from 'Makefile', line 477):
	$(am__remove_distdir)
	test -d "$(distdir)" || mkdir "$(distdir)"
	@srcdirstrip=`echo "$(srcdir)" | sed 's/[].[^$$\\*]/\\\\&/g'`; \
	topsrcdirstrip=`echo "$(top_srcdir)" | sed 's/[].[^$$\\*]/\\\\&/g'`; \
	list='$(DISTFILES)'; \
	  dist_files=`for file in $$list; do echo $$file; done | \
	  sed -e "s|^$$srcdirstrip/||;t" \
	      -e "s|^$$topsrcdirstrip/|$(top_builddir)/|;t"`; \
	case $$dist_files in \
	  */*) $(MKDIR_P) `echo "$$dist_files" | \
			   sed '/\//!d;s|^|$(distdir)/|;s,/[^/]*$$,,' | \
			   sort -u` ;; \
	esac; \
	for file in $$dist_files; do \
	  if test -f $$file || test -d $$file; then d=.; else d=$(srcdir); fi; \
	  if test -d $$d/$$file; then \
	    dir=`echo "/$$file" | sed -e 's,/[^/]*$$,,'`; \
	    if test -d "$(distdir)/$$file"; then \
	      find "$(distdir)/$$file" -type d ! -perm -700 -exec chmod u+rwx {} \;; \
	    fi; \
	    if test -d $(srcdir)/$$file && test $$d != $(srcdir); then \
	      cp -fpR $(srcdir)/$$file "$(distdir)$$dir" || exit 1; \
	      find "$(distdir)/$$file" -type d ! -perm -700 -exec chmod u+rwx {} \;; \
	    fi; \
	    cp -fpR $$d/$$file "$(distdir)$$dir" || exit 1; \
	  else \
	    test -f "$(distdir)/$$file" \
	    || cp -p $$d/$$file "$(distdir)/$$file" \
	    || exit 1; \
	  fi; \
	done
	@list='$(DIST_SUBDIRS)'; for subdir in $$list; do \
	  if test "$$subdir" = .; then :; else \
	    $(am__make_dryrun) \
	      || test -d "$(distdir)/$$subdir" \
	      || $(MKDIR_P) "$(distdir)/$$subdir" \
	      || exit 1; \
	    dir1=$$subdir; dir2="$(distdir)/$$subdir"; \
	    $(am__relativize); \
	    new_distdir=$$reldir; \
	    dir1=$$subdir; dir2="$(top_distdir)"; \
	    $(am__relativize); \
	    new_top_distdir=$$reldir; \
	    echo " (cd $$subdir && $(MAKE) $(AM_MAKEFLAGS) top_distdir="$$new_top_distdir" distdir="$$new_distdir" \\"; \
	    echo "     am__remove_distdir=: am__skip_length_check=: am__skip_mode_fix=: distdir)"; \
	    ($(am__cd) $$subdir && \
	      $(MAKE) $(AM_MAKEFLAGS) \
	        top_distdir="$$new_top_distdir" \
	        distdir="$$new_distdir" \
		am__remove_distdir=: \
		am__skip_length_check=: \
		am__skip_mode_fix=: \
	        distdir) \
	      || exit 1; \
	  fi; \
	done
	-test -n "$(am__skip_mode_fix)" \
	|| find "$(distdir)" -type d ! -perm -755 \
		-exec chmod u+rwx,go+rx {} \; -o \
	  ! -type d ! -perm -444 -links 1 -exec chmod a+r {} \; -o \
	  ! -type d ! -perm -400 -exec chmod a+r {} \; -o \
	  ! -type d ! -perm -444 -exec $(install_sh) -c -m a+r {} {} \; \
	|| chmod -R a+r "$(distdir)"
 

dist-gzip: distdir
#  Phony target (prerequisite of .PHONY).
#  Implicit rule search has not been done.
#  File does not exist.
#  File has not been updated.
#  recipe to execute (from 'Makefile', line 541):
	tardir=$(distdir) && $(am__tar) | eval GZIP= gzip $(GZIP_ENV) -c >$(distdir).tar.gz
	$(am__post_remove_distdir)

distclean: distclean-recursive
#  Phony target (prerequisite of .PHONY).
#  Implicit rule search has not been done.
#  File does not exist.
#  File has not been updated.
#  recipe to execute (from 'Makefile', line 710):
	-rm -f $(am__CONFIG_DISTCLEAN_FILES)
	-rm -f Makefile
 

pdf-recursive:
#  Phony target (prerequisite of .PHONY).
#  Implicit rule search has not been done.
#  File does not exist.
#  File has not been updated.
#  recipe to execute (from 'Makefile', line 375):
	@fail=; \
	if $(am__make_keepgoing); then \
	  failcom='fail=yes'; \
	else \
	  failcom='exit 1'; \
	fi; \
	dot_seen=no; \
	target=`echo $@ | sed s/-recursive//`; \
	case "$@" in \
	  distclean-* | maintainer-clean-*) list='$(DIST_SUBDIRS)' ;; \
	  *) list='$(SUBDIRS)' ;; \
	esac; \
	for subdir in $$list; do \
	  echo "Making $$target in $$subdir"; \
	  if test "$$subdir" = "."; then \
	    dot_seen=yes; \
	    local_target="$$target-am"; \
	  else \
	    local_target="$$target"; \
	  fi; \
	  ($(am__cd) $$subdir && $(MAKE) $(AM_MAKEFLAGS) $$local_target) \
	  || eval $$failcom; \
	done; \
	if test "$$dot_seen" = "no"; then \
	  $(MAKE) $(AM_MAKEFLAGS) "$$target-am" || exit 1; \
	fi; test -z "$$fail"

# Not a target:
compile:
 
#  Implicit rule search has not been done.
#  Modification time never checked.
#  File has not been updated.

all-recursive:
#  Phony target (prerequisite of .PHONY).
#  Implicit rule search has not been done.
#  File does not exist.
#  File has not been updated.
#  recipe to execute (from 'Makefile', line 375):
	@fail=; \
	if $(am__make_keepgoing); then \
	  failcom='fail=yes'; \
	else \
	  failcom='exit 1'; \
	fi; \
	dot_seen=no; \
	target=`echo $@ | sed s/-recursive//`; \
	case "$@" in \
	  distclean-* | maintainer-clean-*) list='$(DIST_SUBDIRS)' ;; \
	  *) list='$(SUBDIRS)' ;; \
	esac; \
	for subdir in $$list; do \
	  echo "Making $$target in $$subdir"; \
	  if test "$$subdir" = "."; then \
	    dot_seen=yes; \
	    local_target="$$target-am"; \
	  else \
	    local_target="$$target"; \
	  fi; \
	  ($(am__cd) $$subdir && $(MAKE) $(AM_MAKEFLAGS) $$local_target) \
	  || eval $$failcom; \
	done; \
	if test "$$dot_seen" = "no"; then \
	  $(MAKE) $(AM_MAKEFLAGS) "$$target-am" || exit 1; \
	fi; test -z "$$fail"

install-recursive:
 
#  Phony target (prerequisite of .PHONY).
#  Implicit rule search has not been done.
#  File does not exist.
#  File has not been updated.
#  recipe to execute (from 'Makefile', line 375):
	@fail=; \
	if $(am__make_keepgoing); then \
	  failcom='fail=yes'; \
	else \
	  failcom='exit 1'; \
	fi; \
	dot_seen=no; \
	target=`echo $@ | sed s/-recursive//`; \
	case "$@" in \
	  distclean-* | maintainer-clean-*) list='$(DIST_SUBDIRS)' ;; \
	  *) list='$(SUBDIRS)' ;; \
	esac; \
	for subdir in $$list; do \
	  echo "Making $$target in $$subdir"; \
	  if test "$$subdir" = "."; then \
	    dot_seen=yes; \
	    local_target="$$target-am"; \
	  else \
	    local_target="$$target"; \
	  fi; \
	  ($(am__cd) $$subdir && $(MAKE) $(AM_MAKEFLAGS) $$local_target) \
	  || eval $$failcom; \
	done; \
	if test "$$dot_seen" = "no"; then \
	  $(MAKE) $(AM_MAKEFLAGS) "$$target-am" || exit 1; \
	fi; test -z "$$fail"

installcheck-am:
#  Phony target (prerequisite of .PHONY).
#  Implicit rule search has not been done.
#  File does not exist.
#  File has not been updated.

maintainer-clean-recursive:
#  Phony target (prerequisite of .PHONY).
#  Implicit rule search has not been done.
#  File does not exist.
#  File has not been updated.
#  recipe to execute (from 'Makefile', line 375):
 
	@fail=; \
	if $(am__make_keepgoing); then \
	  failcom='fail=yes'; \
	else \
	  failcom='exit 1'; \
	fi; \
	dot_seen=no; \
	target=`echo $@ | sed s/-recursive//`; \
	case "$@" in \
	  distclean-* | maintainer-clean-*) list='$(DIST_SUBDIRS)' ;; \
	  *) list='$(SUBDIRS)' ;; \
	esac; \
	for subdir in $$list; do \
	  echo "Making $$target in $$subdir"; \
	  if test "$$subdir" = "."; then \
	    dot_seen=yes; \
	    local_target="$$target-am"; \
	  else \
	    local_target="$$target"; \
	  fi; \
	  ($(am__cd) $$subdir && $(MAKE) $(AM_MAKEFLAGS) $$local_target) \
	  || eval $$failcom; \
	done; \
	if test "$$dot_seen" = "no"; then \
	  $(MAKE) $(AM_MAKEFLAGS) "$$target-am" || exit 1; \
	fi; test -z "$$fail"

installcheck: installcheck-recursive
#  Phony target (prerequisite of .PHONY).
#  Implicit rule search has not been done.
#  File does not exist.
#  File has not been updated.

check-am: all-am
#  Phony target (prerequisite of .PHONY).
#  Implicit rule search has not been done.
#  File does not exist.
#  File has not been updated.

install-ps-recursive:
#  Phony target (prerequisite of .PHONY).
#  Implicit rule search has not been done.
#  File does not exist.
#  File has not been updated.
 
#  recipe to execute (from 'Makefile', line 375):
	@fail=; \
	if $(am__make_keepgoing); then \
	  failcom='fail=yes'; \
	else \
	  failcom='exit 1'; \
	fi; \
	dot_seen=no; \
	target=`echo $@ | sed s/-recursive//`; \
	case "$@" in \
	  distclean-* | maintainer-clean-*) list='$(DIST_SUBDIRS)' ;; \
	  *) list='$(SUBDIRS)' ;; \
	esac; \
	for subdir in $$list; do \
	  echo "Making $$target in $$subdir"; \
	  if test "$$subdir" = "."; then \
	    dot_seen=yes; \
	    local_target="$$target-am"; \
	  else \
	    local_target="$$target"; \
	  fi; \
	  ($(am__cd) $$subdir && $(MAKE) $(AM_MAKEFLAGS) $$local_target) \
	  || eval $$failcom; \
	done; \
	if test "$$dot_seen" = "no"; then \
	  $(MAKE) $(AM_MAKEFLAGS) "$$target-am" || exit 1; \
	fi; test -z "$$fail"

install-exec-am:
#  Phony target (prerequisite of .PHONY).
#  Implicit rule search has not been done.
#  File does not exist.
#  File has not been updated.

install-info-recursive:
#  Phony target (prerequisite of .PHONY).
#  Implicit rule search has not been done.
#  File does not exist.
#  File has not been updated.
#  recipe to execute (from 'Makefile', line 375):
	@fail=; \
	if $(am__make_keepgoing); then \
	  failcom='fail=yes'; \
	else \
	  failcom='exit 1'; \
	fi; \
	dot_seen=no; \
	target=`echo $@ | sed s/-recursive//`; \
	case "$@" in \
	  distclean-* | maintainer-clean-*) list='$(DIST_SUBDIRS)' ;; \
	  *) list='$(SUBDIRS)' ;; \
	esac; \
	for subdir in $$list; do \
	  echo "Making $$target in $$subdir"; \
	  if test "$$subdir" = "."; then \
	    dot_seen=yes; \
	    local_target="$$target-am"; \
	  else \
	    local_target="$$target"; \
	  fi; \
	  ($(am__cd) $$subdir && $(MAKE) $(AM_MAKEFLAGS) $$local_target) \
	  || eval $$failcom; \
	done; \
	if test "$$dot_seen" = "no"; then \
	  $(MAKE) $(AM_MAKEFLAGS) "$$target-am" || exit 1; \
	fi; test -z "$$fail"
 

cscopelist-am: config.h.in
#  Phony target (prerequisite of .PHONY).
#  Implicit rule search has not been done.
#  File does not exist.
#  File has not been updated.
#  recipe to execute (from 'Makefile', line 457):
	list='$(am__tagged_files)'; \
	case "$(srcdir)" in \
	  [\\/]* | ?:[\\/]*) sdir="$(srcdir)" ;; \
	  *) sdir=$(subdir)/$(srcdir) ;; \
	esac; \
	for i in $$list; do \
	  if test -f "$$i"; then \
	    echo "$(subdir)/$$i"; \
	  else \
	    echo "$$sdir/$$i"; \
	  fi; \
	done >> $(top_builddir)/cscope.files

pdf-am:
#  Phony target (prerequisite of .PHONY).
#  Implicit rule search has not been done.
#  File does not exist.
#  File has not been updated.
 

am--refresh: Makefile
#  Phony target (prerequisite of .PHONY).
#  Implicit rule search has not been done.
#  File does not exist.
#  File has not been updated.
#  recipe to execute (from 'Makefile', line 320):
	@:

install-am: all-am
#  Phony target (prerequisite of .PHONY).
#  Implicit rule search has not been done.
#  File does not exist.
#  File has not been updated.
#  recipe to execute (from 'Makefile', line 681):
	@$(MAKE) $(AM_MAKEFLAGS) install-exec-am install-data-am
 

pdf: pdf-recursive
#  Phony target (prerequisite of .PHONY).
#  Implicit rule search has not been done.
#  File does not exist.
#  File has not been updated.

distclean-generic:
#  Phony target (prerequisite of .PHONY).
#  Implicit rule search has not been done.
#  File does not exist.
#  File has not been updated.
#  recipe to execute (from 'Makefile', line 699):
 
	-test -z "$(CONFIG_CLEAN_FILES)" || rm -f $(CONFIG_CLEAN_FILES)
	-test . = "$(srcdir)" || test -z "$(CONFIG_CLEAN_VPATH_FILES)" || rm -f $(CONFIG_CLEAN_VPATH_FILES)

html: html-recursive
#  Phony target (prerequisite of .PHONY).
#  Implicit rule search has not been done.
#  File does not exist.
#  File has not been updated.

configure.ac:
 
#  Implicit rule search has been done.
#  Last modified 2024-07-30 15:25:24.169131067
#  File has been updated.
#  Successfully updated.

clean-generic:
#  Phony target (prerequisite of .PHONY).
#  Implicit rule search has not been done.
#  File does not exist.
#  File has not been updated.
 

.PRECIOUS: Makefile
#  Implicit rule search has not been done.
#  Modification time never checked.
#  File has not been updated.

configure: configure.ac aclocal.m4
#  Implicit rule search has not been done.
#  Last modified 2024-08-07 15:37:20.646561902
#  File has been updated.
#  Successfully updated.
#  recipe to execute (from 'Makefile', line 348):
 
	$(am__cd) $(srcdir) && $(AUTOCONF)

install-data-recursive:
#  Phony target (prerequisite of .PHONY).
#  Implicit rule search has not been done.
#  File does not exist.
#  File has not been updated.
#  recipe to execute (from 'Makefile', line 375):
	@fail=; \
	if $(am__make_keepgoing); then \
	  failcom='fail=yes'; \
	else \
	  failcom='exit 1'; \
	fi; \
	dot_seen=no; \
	target=`echo $@ | sed s/-recursive//`; \
	case "$@" in \
	  distclean-* | maintainer-clean-*) list='$(DIST_SUBDIRS)' ;; \
	  *) list='$(SUBDIRS)' ;; \
	esac; \
	for subdir in $$list; do \
	  echo "Making $$target in $$subdir"; \
	  if test "$$subdir" = "."; then \
	    dot_seen=yes; \
	    local_target="$$target-am"; \
	  else \
	    local_target="$$target"; \
	  fi; \
	  ($(am__cd) $$subdir && $(MAKE) $(AM_MAKEFLAGS) $$local_target) \
	  || eval $$failcom; \
	done; \
	if test "$$dot_seen" = "no"; then \
	  $(MAKE) $(AM_MAKEFLAGS) "$$target-am" || exit 1; \
	fi; test -z "$$fail"

Makefile: Makefile.in config.status
#  Precious file (prerequisite of .PRECIOUS).
#  Implicit rule search has not been done.
#  Last modified 2024-10-28 09:58:11.187156824
#  File has been updated.
#  Successfully updated.
#  recipe to execute (from 'Makefile', line 335):
 
	@case '$?' in \
	  *config.status*) \
	    echo ' $(SHELL) ./config.status'; \
	    $(SHELL) ./config.status;; \
	  *) \
	    echo ' cd $(top_builddir) && $(SHELL) ./config.status $@ $(am__maybe_remake_depfiles)'; \
	    cd $(top_builddir) && $(SHELL) ./config.status $@ $(am__maybe_remake_depfiles);; \
	esac;

# Not a target:
lib:
#  Implicit rule search has not been done.
#  Modification time never checked.
#  File has not been updated.

# Not a target:
missing:
#  Implicit rule search has not been done.
#  Modification time never checked.
#  File has not been updated.

distclean-hdr:
#  Phony target (prerequisite of .PHONY).
#  Implicit rule search has not been done.
#  File does not exist.
 
#  File has not been updated.
#  recipe to execute (from 'Makefile', line 366):
	-rm -f config.h stamp-h1

dvi: dvi-recursive
#  Phony target (prerequisite of .PHONY).
#  Implicit rule search has not been done.
#  File does not exist.
#  File has not been updated.

ctags-am: config.h.in
#  Phony target (prerequisite of .PHONY).
#  Implicit rule search has not been done.
#  File does not exist.
#  File has not been updated.
#  recipe to execute (from 'Makefile', line 439):
 
	$(am__define_uniq_tagged_files); \
	test -z "$(CTAGS_ARGS)$$unique" \
	  || $(CTAGS) $(CTAGSFLAGS) $(AM_CTAGSFLAGS) $(CTAGS_ARGS) \
	     $$unique

distdir:
#  Phony target (prerequisite of .PHONY).
#  Implicit rule search has not been done.
#  File does not exist.
#  File has not been updated.
#  recipe to execute (from 'Makefile', line 474):
	$(MAKE) $(AM_MAKEFLAGS) distdir-am

cscope: cscope.files
#  Phony target (prerequisite of .PHONY).
#  Implicit rule search has not been done.
#  File does not exist.
#  File has not been updated.
 
#  recipe to execute (from 'Makefile', line 449):
	test ! -s cscope.files \
	  || $(CSCOPE) -b -q $(AM_CSCOPEFLAGS) $(CSCOPEFLAGS) -i cscope.files $(CSCOPE_ARGS)

stamp-h1: config.h.in config.status
#  Implicit rule search has not been done.
#  Last modified 2024-10-28 09:58:11.255158028
#  File has been updated.
#  Successfully updated.
#  recipe to execute (from 'Makefile', line 358):
 
	@rm -f stamp-h1
	cd $(top_builddir) && $(SHELL) ./config.status config.h

install-pdf-am:
#  Phony target (prerequisite of .PHONY).
#  Implicit rule search has not been done.
#  File does not exist.
#  File has not been updated.

uninstall: uninstall-recursive
#  Phony target (prerequisite of .PHONY).
#  Implicit rule search has not been done.
#  File does not exist.
#  File has not been updated.
 

dist-xz: distdir
#  Phony target (prerequisite of .PHONY).
#  Implicit rule search has not been done.
#  File does not exist.
#  File has not been updated.
#  recipe to execute (from 'Makefile', line 553):
	tardir=$(distdir) && $(am__tar) | XZ_OPT=$${XZ_OPT--e} xz -c >$(distdir).tar.xz
	$(am__post_remove_distdir)

distclean-am: clean-am distclean-generic distclean-hdr distclean-tags
#  Implicit rule search has not been done.
 
#  Modification time never checked.
#  File has not been updated.

cscope.files: clean-cscope cscopelist
#  Implicit rule search has not been done.
#  Modification time never checked.
#  File has not been updated.

maintainer-clean-generic:
#  Phony target (prerequisite of .PHONY).
#  Implicit rule search has not been done.
#  File does not exist.
#  File has not been updated.
 
#  recipe to execute (from 'Makefile', line 703):
	@echo "This command is intended for maintainers to use"
	@echo "it deletes files that may require special tools to rebuild."

ps-am:
#  Phony target (prerequisite of .PHONY).
#  Implicit rule search has not been done.
#  File does not exist.
#  File has not been updated.

tags-am: config.h.in
#  Phony target (prerequisite of .PHONY).
 
#  Implicit rule search has not been done.
#  File does not exist.
#  File has not been updated.
#  recipe to execute (from 'Makefile', line 408):
	set x; \
	here=`pwd`; \
	if ($(ETAGS) --etags-include --version) >/dev/null 2>&1; then \
	  include_option=--etags-include; \
	  empty_fix=.; \
	else \
	  include_option=--include; \
	  empty_fix=; \
	fi; \
	list='$(SUBDIRS)'; for subdir in $$list; do \
	  if test "$$subdir" = .; then :; else \
	    test ! -f $$subdir/TAGS || \
	      set "$$@" "$$include_option=$$here/$$subdir/TAGS"; \
	  fi; \
	done; \
	$(am__define_uniq_tagged_files); \
	shift; \
	if test -z "$(ETAGS_ARGS)$$*$$unique"; then :; else \
	  test -n "$$unique" || unique=$$empty_fix; \
	  if test $$# -gt 0; then \
	    $(ETAGS) $(ETAGSFLAGS) $(AM_ETAGSFLAGS) $(ETAGS_ARGS) \
	      "$$@" $$unique; \
	  else \
	    $(ETAGS) $(ETAGSFLAGS) $(AM_ETAGSFLAGS) $(ETAGS_ARGS) \
	      $$unique; \
	  fi; \
	fi

mostlyclean-generic:
#  Phony target (prerequisite of .PHONY).
#  Implicit rule search has not been done.
#  File does not exist.
#  File has not been updated.

 
clean: clean-recursive
#  Phony target (prerequisite of .PHONY).
#  Implicit rule search has not been done.
#  File does not exist.
#  File has not been updated.

distclean-recursive:
#  Phony target (prerequisite of .PHONY).
#  Implicit rule search has not been done.
#  File does not exist.
#  File has not been updated.
#  recipe to execute (from 'Makefile', line 375):
	@fail=; \
	if $(am__make_keepgoing); then \
	  failcom='fail=yes'; \
	else \
	  failcom='exit 1'; \
	fi; \
	dot_seen=no; \
	target=`echo $@ | sed s/-recursive//`; \
	case "$@" in \
	  distclean-* | maintainer-clean-*) list='$(DIST_SUBDIRS)' ;; \
	  *) list='$(SUBDIRS)' ;; \
	esac; \
	for subdir in $$list; do \
	  echo "Making $$target in $$subdir"; \
	  if test "$$subdir" = "."; then \
	    dot_seen=yes; \
	    local_target="$$target-am"; \
	  else \
	    local_target="$$target"; \
	  fi; \
	  ($(am__cd) $$subdir && $(MAKE) $(AM_MAKEFLAGS) $$local_target) \
	  || eval $$failcom; \
	done; \
	if test "$$dot_seen" = "no"; then \
	  $(MAKE) $(AM_MAKEFLAGS) "$$target-am" || exit 1; \
	fi; test -z "$$fail"

 
# Not a target:
doc/Doxyfile:
#  Implicit rule search has not been done.
#  Modification time never checked.
#  File has not been updated.

dist-zip: distdir
#  Phony target (prerequisite of .PHONY).
#  Implicit rule search has not been done.
#  File does not exist.
#  File has not been updated.
#  recipe to execute (from 'Makefile', line 575):
	-rm -f $(distdir).zip
	zip -rq $(distdir).zip $(distdir)
	$(am__post_remove_distdir)

 
mostlyclean-recursive:
#  Phony target (prerequisite of .PHONY).
#  Implicit rule search has not been done.
#  File does not exist.
#  File has not been updated.
#  recipe to execute (from 'Makefile', line 375):
	@fail=; \
	if $(am__make_keepgoing); then \
	  failcom='fail=yes'; \
	else \
	  failcom='exit 1'; \
	fi; \
	dot_seen=no; \
	target=`echo $@ | sed s/-recursive//`; \
	case "$@" in \
	  distclean-* | maintainer-clean-*) list='$(DIST_SUBDIRS)' ;; \
	  *) list='$(SUBDIRS)' ;; \
	esac; \
	for subdir in $$list; do \
	  echo "Making $$target in $$subdir"; \
	  if test "$$subdir" = "."; then \
	    dot_seen=yes; \
	    local_target="$$target-am"; \
	  else \
	    local_target="$$target"; \
	  fi; \
	  ($(am__cd) $$subdir && $(MAKE) $(AM_MAKEFLAGS) $$local_target) \
	  || eval $$failcom; \
	done; \
	if test "$$dot_seen" = "no"; then \
	  $(MAKE) $(AM_MAKEFLAGS) "$$target-am" || exit 1; \
	fi; test -z "$$fail"

dvi-am:
#  Phony target (prerequisite of .PHONY).
#  Implicit rule search has not been done.
#  File does not exist.
#  File has not been updated.
 

dist-lzip: distdir
#  Phony target (prerequisite of .PHONY).
#  Implicit rule search has not been done.
#  File does not exist.
#  File has not been updated.
#  recipe to execute (from 'Makefile', line 549):
	tardir=$(distdir) && $(am__tar) | lzip -c $${LZIP_OPT--9} >$(distdir).tar.lz
	$(am__post_remove_distdir)

install-html: install-html-recursive
#  Phony target (prerequisite of .PHONY).
#  Implicit rule search has not been done.
#  File does not exist.
#  File has not been updated.
 

ps: ps-recursive
#  Phony target (prerequisite of .PHONY).
#  Implicit rule search has not been done.
#  File does not exist.
#  File has not been updated.

maintainer-clean-am: distclean-am maintainer-clean-generic
#  Implicit rule search has not been done.
#  Modification time never checked.
#  File has not been updated.

installcheck-recursive:
#  Phony target (prerequisite of .PHONY).
 
#  Implicit rule search has not been done.
#  File does not exist.
#  File has not been updated.
#  recipe to execute (from 'Makefile', line 375):
	@fail=; \
	if $(am__make_keepgoing); then \
	  failcom='fail=yes'; \
	else \
	  failcom='exit 1'; \
	fi; \
	dot_seen=no; \
	target=`echo $@ | sed s/-recursive//`; \
	case "$@" in \
	  distclean-* | maintainer-clean-*) list='$(DIST_SUBDIRS)' ;; \
	  *) list='$(SUBDIRS)' ;; \
	esac; \
	for subdir in $$list; do \
	  echo "Making $$target in $$subdir"; \
	  if test "$$subdir" = "."; then \
	    dot_seen=yes; \
	    local_target="$$target-am"; \
	  else \
	    local_target="$$target"; \
	  fi; \
	  ($(am__cd) $$subdir && $(MAKE) $(AM_MAKEFLAGS) $$local_target) \
	  || eval $$failcom; \
	done; \
	if test "$$dot_seen" = "no"; then \
	  $(MAKE) $(AM_MAKEFLAGS) "$$target-am" || exit 1; \
	fi; test -z "$$fail"

info: info-recursive
#  Phony target (prerequisite of .PHONY).
#  Implicit rule search has not been done.
#  File does not exist.
#  File has not been updated.
 

# Not a target:
src/cpu-mapping.txt.README:
#  Implicit rule search has not been done.
#  Modification time never checked.
#  File has not been updated.

uninstall-recursive:
#  Phony target (prerequisite of .PHONY).
#  Implicit rule search has not been done.
#  File does not exist.
#  File has not been updated.
#  recipe to execute (from 'Makefile', line 375):
	@fail=; \
	if $(am__make_keepgoing); then \
	  failcom='fail=yes'; \
	else \
	  failcom='exit 1'; \
	fi; \
	dot_seen=no; \
	target=`echo $@ | sed s/-recursive//`; \
	case "$@" in \
	  distclean-* | maintainer-clean-*) list='$(DIST_SUBDIRS)' ;; \
	  *) list='$(SUBDIRS)' ;; \
	esac; \
	for subdir in $$list; do \
	  echo "Making $$target in $$subdir"; \
	  if test "$$subdir" = "."; then \
	    dot_seen=yes; \
	    local_target="$$target-am"; \
	  else \
	    local_target="$$target"; \
	  fi; \
	  ($(am__cd) $$subdir && $(MAKE) $(AM_MAKEFLAGS) $$local_target) \
	  || eval $$failcom; \
	done; \
	if test "$$dot_seen" = "no"; then \
	  $(MAKE) $(AM_MAKEFLAGS) "$$target-am" || exit 1; \
	fi; test -z "$$fail"

tags-recursive:
 
#  Phony target (prerequisite of .PHONY).
#  Implicit rule search has not been done.
#  File does not exist.
#  File has not been updated.
#  recipe to execute (from 'Makefile', line 375):
	@fail=; \
	if $(am__make_keepgoing); then \
	  failcom='fail=yes'; \
	else \
	  failcom='exit 1'; \
	fi; \
	dot_seen=no; \
	target=`echo $@ | sed s/-recursive//`; \
	case "$@" in \
	  distclean-* | maintainer-clean-*) list='$(DIST_SUBDIRS)' ;; \
	  *) list='$(SUBDIRS)' ;; \
	esac; \
	for subdir in $$list; do \
	  echo "Making $$target in $$subdir"; \
	  if test "$$subdir" = "."; then \
	    dot_seen=yes; \
	    local_target="$$target-am"; \
	  else \
	    local_target="$$target"; \
	  fi; \
	  ($(am__cd) $$subdir && $(MAKE) $(AM_MAKEFLAGS) $$local_target) \
	  || eval $$failcom; \
	done; \
	if test "$$dot_seen" = "no"; then \
	  $(MAKE) $(AM_MAKEFLAGS) "$$target-am" || exit 1; \
	fi; test -z "$$fail"

all-am: Makefile config.h
#  Phony target (prerequisite of .PHONY).
#  Implicit rule search has not been done.
#  File does not exist.
#  File has not been updated.

config.status: configure
 
#  Implicit rule search has not been done.
#  Last modified 2024-10-28 09:58:11.039154206
#  File has been updated.
#  Successfully updated.
#  recipe to execute (from 'Makefile', line 345):
	$(SHELL) ./config.status --recheck

# Not a target:
wisconsin-src:
#  Implicit rule search has not been done.
#  Modification time never checked.
#  File has not been updated.

installdirs-am:
 
#  Phony target (prerequisite of .PHONY).
#  Implicit rule search has not been done.
#  File does not exist.
#  File has not been updated.

TAGS: tags
#  Phony target (prerequisite of .PHONY).
#  Implicit rule search has not been done.
#  File does not exist.
#  File has not been updated.

install-data-am:
#  Phony target (prerequisite of .PHONY).
#  Implicit rule search has not been done.
#  File does not exist.
 
#  File has not been updated.

cscopelist-recursive:
#  Phony target (prerequisite of .PHONY).
#  Implicit rule search has not been done.
#  File does not exist.
#  File has not been updated.
#  recipe to execute (from 'Makefile', line 375):
	@fail=; \
	if $(am__make_keepgoing); then \
	  failcom='fail=yes'; \
	else \
	  failcom='exit 1'; \
	fi; \
	dot_seen=no; \
	target=`echo $@ | sed s/-recursive//`; \
	case "$@" in \
	  distclean-* | maintainer-clean-*) list='$(DIST_SUBDIRS)' ;; \
	  *) list='$(SUBDIRS)' ;; \
	esac; \
	for subdir in $$list; do \
	  echo "Making $$target in $$subdir"; \
	  if test "$$subdir" = "."; then \
	    dot_seen=yes; \
	    local_target="$$target-am"; \
	  else \
	    local_target="$$target"; \
	  fi; \
	  ($(am__cd) $$subdir && $(MAKE) $(AM_MAKEFLAGS) $$local_target) \
	  || eval $$failcom; \
	done; \
	if test "$$dot_seen" = "no"; then \
	  $(MAKE) $(AM_MAKEFLAGS) "$$target-am" || exit 1; \
	fi; test -z "$$fail"

ps-recursive:
#  Phony target (prerequisite of .PHONY).
#  Implicit rule search has not been done.
#  File does not exist.
#  File has not been updated.
#  recipe to execute (from 'Makefile', line 375):
	@fail=; \
	if $(am__make_keepgoing); then \
	  failcom='fail=yes'; \
	else \
	  failcom='exit 1'; \
	fi; \
	dot_seen=no; \
	target=`echo $@ | sed s/-recursive//`; \
	case "$@" in \
	  distclean-* | maintainer-clean-*) list='$(DIST_SUBDIRS)' ;; \
	  *) list='$(SUBDIRS)' ;; \
	esac; \
	for subdir in $$list; do \
	  echo "Making $$target in $$subdir"; \
	  if test "$$subdir" = "."; then \
	    dot_seen=yes; \
	    local_target="$$target-am"; \
	  else \
	    local_target="$$target"; \
	  fi; \
	  ($(am__cd) $$subdir && $(MAKE) $(AM_MAKEFLAGS) $$local_target) \
	  || eval $$failcom; \
	done; \
	if test "$$dot_seen" = "no"; then \
	  $(MAKE) $(AM_MAKEFLAGS) "$$target-am" || exit 1; \
	fi; test -z "$$fail"

 
maintainer-clean: maintainer-clean-recursive
#  Phony target (prerequisite of .PHONY).
#  Implicit rule search has not been done.
#  File does not exist.
#  File has not been updated.
#  recipe to execute (from 'Makefile', line 755):
	-rm -f $(am__CONFIG_DISTCLEAN_FILES)
	-rm -rf $(top_srcdir)/autom4te.cache
	-rm -f Makefile

dvi-recursive:
#  Phony target (prerequisite of .PHONY).
#  Implicit rule search has not been done.
#  File does not exist.
#  File has not been updated.
#  recipe to execute (from 'Makefile', line 375):
	@fail=; \
	if $(am__make_keepgoing); then \
	  failcom='fail=yes'; \
	else \
	  failcom='exit 1'; \
	fi; \
	dot_seen=no; \
	target=`echo $@ | sed s/-recursive//`; \
	case "$@" in \
	  distclean-* | maintainer-clean-*) list='$(DIST_SUBDIRS)' ;; \
	  *) list='$(SUBDIRS)' ;; \
	esac; \
	for subdir in $$list; do \
	  echo "Making $$target in $$subdir"; \
	  if test "$$subdir" = "."; then \
	    dot_seen=yes; \
	    local_target="$$target-am"; \
	  else \
	    local_target="$$target"; \
	  fi; \
	  ($(am__cd) $$subdir && $(MAKE) $(AM_MAKEFLAGS) $$local_target) \
	  || eval $$failcom; \
	done; \
	if test "$$dot_seen" = "no"; then \
	  $(MAKE) $(AM_MAKEFLAGS) "$$target-am" || exit 1; \
	fi; test -z "$$fail"

distclean-tags:
#  Phony target (prerequisite of .PHONY).
#  Implicit rule search has not been done.
#  File does not exist.
#  File has not been updated.
#  recipe to execute (from 'Makefile', line 471):
	-rm -f TAGS ID GTAGS GRTAGS GSYMS GPATH tags
	-rm -f cscope.out cscope.in.out cscope.po.out cscope.files

install-html-recursive:
#  Phony target (prerequisite of .PHONY).
#  Implicit rule search has not been done.
#  File does not exist.
#  File has not been updated.
#  recipe to execute (from 'Makefile', line 375):
	@fail=; \
	if $(am__make_keepgoing); then \
	  failcom='fail=yes'; \
	else \
	  failcom='exit 1'; \
	fi; \
	dot_seen=no; \
	target=`echo $@ | sed s/-recursive//`; \
	case "$@" in \
	  distclean-* | maintainer-clean-*) list='$(DIST_SUBDIRS)' ;; \
	  *) list='$(SUBDIRS)' ;; \
	esac; \
	for subdir in $$list; do \
	  echo "Making $$target in $$subdir"; \
	  if test "$$subdir" = "."; then \
	    dot_seen=yes; \
	    local_target="$$target-am"; \
	  else \
	    local_target="$$target"; \
	  fi; \
	  ($(am__cd) $$subdir && $(MAKE) $(AM_MAKEFLAGS) $$local_target) \
	  || eval $$failcom; \
	done; \
	if test "$$dot_seen" = "no"; then \
	  $(MAKE) $(AM_MAKEFLAGS) "$$target-am" || exit 1; \
	fi; test -z "$$fail"

# Not a target:
config.guess:
 
#  Implicit rule search has not been done.
#  Modification time never checked.
#  File has not been updated.

clean-recursive:
#  Phony target (prerequisite of .PHONY).
#  Implicit rule search has not been done.
#  File does not exist.
#  File has not been updated.
#  recipe to execute (from 'Makefile', line 375):
	@fail=; \
	if $(am__make_keepgoing); then \
	  failcom='fail=yes'; \
	else \
	  failcom='exit 1'; \
	fi; \
	dot_seen=no; \
	target=`echo $@ | sed s/-recursive//`; \
	case "$@" in \
	  distclean-* | maintainer-clean-*) list='$(DIST_SUBDIRS)' ;; \
	  *) list='$(SUBDIRS)' ;; \
	esac; \
	for subdir in $$list; do \
	  echo "Making $$target in $$subdir"; \
	  if test "$$subdir" = "."; then \
	    dot_seen=yes; \
	    local_target="$$target-am"; \
	  else \
	    local_target="$$target"; \
	  fi; \
	  ($(am__cd) $$subdir && $(MAKE) $(AM_MAKEFLAGS) $$local_target) \
	  || eval $$failcom; \
	done; \
	if test "$$dot_seen" = "no"; then \
	  $(MAKE) $(AM_MAKEFLAGS) "$$target-am" || exit 1; \
	fi; test -z "$$fail"

# Not a target:
.DEFAULT:
#  Implicit rule search has not been done.
#  Modification time never checked.
#  File has not been updated.
 

distcheck: dist
#  Phony target (prerequisite of .PHONY).
#  Implicit rule search has not been done.
#  File does not exist.
#  File has not been updated.
#  recipe to execute (from 'Makefile', line 587):
	case '$(DIST_ARCHIVES)' in \
	*.tar.gz*) \
	  eval GZIP= gzip $(GZIP_ENV) -dc $(distdir).tar.gz | $(am__untar) ;;\
	*.tar.bz2*) \
	  bzip2 -dc $(distdir).tar.bz2 | $(am__untar) ;;\
	*.tar.lz*) \
	  lzip -dc $(distdir).tar.lz | $(am__untar) ;;\
	*.tar.xz*) \
	  xz -dc $(distdir).tar.xz | $(am__untar) ;;\
	*.tar.Z*) \
	  uncompress -c $(distdir).tar.Z | $(am__untar) ;;\
	*.shar.gz*) \
	  eval GZIP= gzip $(GZIP_ENV) -dc $(distdir).shar.gz | unshar ;;\
	*.zip*) \
	  unzip $(distdir).zip ;;\
	*.tar.zst*) \
	  zstd -dc $(distdir).tar.zst | $(am__untar) ;;\
	esac
	chmod -R a-w $(distdir)
	chmod u+w $(distdir)
	mkdir $(distdir)/_build $(distdir)/_build/sub $(distdir)/_inst
	chmod a-w $(distdir)
	test -d $(distdir)/_build || exit 0; \
	dc_install_base=`$(am__cd) $(distdir)/_inst && pwd | sed -e 's,^[^:\\/]:[\\/],/,'` \
	  && dc_destdir="$${TMPDIR-/tmp}/am-dc-$$$$/" \
	  && am__cwd=`pwd` \
	  && $(am__cd) $(distdir)/_build/sub \
	  && ../../configure \
	    $(AM_DISTCHECK_CONFIGURE_FLAGS) \
	    $(DISTCHECK_CONFIGURE_FLAGS) \
	    --srcdir=../.. --prefix="$$dc_install_base" \
	  && $(MAKE) $(AM_MAKEFLAGS) \
	  && $(MAKE) $(AM_MAKEFLAGS) $(AM_DISTCHECK_DVI_TARGET) \
	  && $(MAKE) $(AM_MAKEFLAGS) check \
	  && $(MAKE) $(AM_MAKEFLAGS) install \
	  && $(MAKE) $(AM_MAKEFLAGS) installcheck \
	  && $(MAKE) $(AM_MAKEFLAGS) uninstall \
	  && $(MAKE) $(AM_MAKEFLAGS) distuninstallcheck_dir="$$dc_install_base" \
	        distuninstallcheck \
	  && chmod -R a-w "$$dc_install_base" \
	  && ({ \
	       (cd ../.. && umask 077 && mkdir "$$dc_destdir") \
	       && $(MAKE) $(AM_MAKEFLAGS) DESTDIR="$$dc_destdir" install \
	       && $(MAKE) $(AM_MAKEFLAGS) DESTDIR="$$dc_destdir" uninstall \
	       && $(MAKE) $(AM_MAKEFLAGS) DESTDIR="$$dc_destdir" \
	            distuninstallcheck_dir="$$dc_destdir" distuninstallcheck; \
	      } || { rm -rf "$$dc_destdir"; exit 1; }) \
	  && rm -rf "$$dc_destdir" \
	  && $(MAKE) $(AM_MAKEFLAGS) dist \
	  && rm -rf $(DIST_ARCHIVES) \
	  && $(MAKE) $(AM_MAKEFLAGS) distcleancheck \
	  && cd "$$am__cwd" \
	  || exit 1
 
	$(am__post_remove_distdir)
	@(echo "$(distdir) archives ready for distribution: "; \
	  list='$(DIST_ARCHIVES)'; for i in $$list; do echo $$i; done) | \
	  sed -e 1h -e 1s/./=/g -e 1p -e 1x -e '$$p' -e '$$x'

all: config.h
#  Phony target (prerequisite of .PHONY).
#  Command line target.
#  Implicit rule search has not been done.
#  File does not exist.
#  File has been updated.
#  Needs to be updated (-q is set).
# variable set hash-table stats:
# Load=0/32=0%, Rehash=0, Collisions=0/6=0%
#  recipe to execute (from 'Makefile', line 316):
	$(MAKE) $(AM_MAKEFLAGS) all-recursive

dist-shar: distdir
#  Phony target (prerequisite of .PHONY).
 
#  Implicit rule search has not been done.
#  File does not exist.
#  File has not been updated.
#  recipe to execute (from 'Makefile', line 568):
	@echo WARNING: "Support for shar distribution archives is" \
	               "deprecated." >&2
	@echo WARNING: "It will be removed altogether in Automake 2.0" >&2
	shar $(distdir) | eval GZIP= gzip $(GZIP_ENV) -c >$(distdir).shar.gz
	$(am__post_remove_distdir)

distuninstallcheck:
#  Phony target (prerequisite of .PHONY).
#  Implicit rule search has not been done.
#  File does not exist.
 
#  File has not been updated.
#  recipe to execute (from 'Makefile', line 645):
	@test -n '$(distuninstallcheck_dir)' || { \
	  echo 'ERROR: trying to run $@ with an empty' \
	       '$$(distuninstallcheck_dir)' >&2; \
	  exit 1; \
	}; \
	$(am__cd) '$(distuninstallcheck_dir)' || { \
	  echo 'ERROR: cannot chdir into $(distuninstallcheck_dir)' >&2; \
	  exit 1; \
	}; \
	test `$(am__distuninstallcheck_listfiles) | wc -l` -eq 0 \
	   || { echo "ERROR: files left after uninstall:" ; \
	        if test -n "$(DESTDIR)"; then \
	          echo "  (check DESTDIR support)"; \
	        fi ; \
	        $(distuninstallcheck_listfiles) ; \
	        exit 1; } >&2

install-dvi-recursive:
#  Phony target (prerequisite of .PHONY).
#  Implicit rule search has not been done.
#  File does not exist.
#  File has not been updated.
#  recipe to execute (from 'Makefile', line 375):
	@fail=; \
	if $(am__make_keepgoing); then \
	  failcom='fail=yes'; \
	else \
	  failcom='exit 1'; \
	fi; \
	dot_seen=no; \
	target=`echo $@ | sed s/-recursive//`; \
	case "$@" in \
	  distclean-* | maintainer-clean-*) list='$(DIST_SUBDIRS)' ;; \
	  *) list='$(SUBDIRS)' ;; \
	esac; \
	for subdir in $$list; do \
	  echo "Making $$target in $$subdir"; \
	  if test "$$subdir" = "."; then \
	    dot_seen=yes; \
	    local_target="$$target-am"; \
	  else \
	    local_target="$$target"; \
	  fi; \
	  ($(am__cd) $$subdir && $(MAKE) $(AM_MAKEFLAGS) $$local_target) \
	  || eval $$failcom; \
	done; \
	if test "$$dot_seen" = "no"; then \
	  $(MAKE) $(AM_MAKEFLAGS) "$$target-am" || exit 1; \
	fi; test -z "$$fail"
 

install-dvi: install-dvi-recursive
#  Phony target (prerequisite of .PHONY).
#  Implicit rule search has not been done.
#  File does not exist.
#  File has not been updated.

html-recursive:
#  Phony target (prerequisite of .PHONY).
#  Implicit rule search has not been done.
#  File does not exist.
#  File has not been updated.
#  recipe to execute (from 'Makefile', line 375):
	@fail=; \
	if $(am__make_keepgoing); then \
	  failcom='fail=yes'; \
	else \
	  failcom='exit 1'; \
	fi; \
	dot_seen=no; \
	target=`echo $@ | sed s/-recursive//`; \
	case "$@" in \
	  distclean-* | maintainer-clean-*) list='$(DIST_SUBDIRS)' ;; \
	  *) list='$(SUBDIRS)' ;; \
	esac; \
	for subdir in $$list; do \
	  echo "Making $$target in $$subdir"; \
	  if test "$$subdir" = "."; then \
	    dot_seen=yes; \
	    local_target="$$target-am"; \
	  else \
	    local_target="$$target"; \
	  fi; \
	  ($(am__cd) $$subdir && $(MAKE) $(AM_MAKEFLAGS) $$local_target) \
	  || eval $$failcom; \
	done; \
	if test "$$dot_seen" = "no"; then \
	  $(MAKE) $(AM_MAKEFLAGS) "$$target-am" || exit 1; \
	fi; test -z "$$fail"

Makefile.in: Makefile.am configure.ac aclocal.m4
#  Implicit rule search has not been done.
 
#  Last modified 2024-10-28 09:58:07.463090945
#  File has been updated.
#  Successfully updated.
#  recipe to execute (from 'Makefile', line 322):
	@for dep in $?; do \
	  case '$(am__configure_deps)' in \
	    *$$dep*) \
	      echo ' cd $(srcdir) && $(AUTOMAKE) --foreign'; \
	      $(am__cd) $(srcdir) && $(AUTOMAKE) --foreign \
		&& exit 0; \
	      exit 1;; \
	  esac; \
	done; \
	echo ' cd $(top_srcdir) && $(AUTOMAKE) --foreign Makefile'; \
	$(am__cd) $(top_srcdir) && \
	  $(AUTOMAKE) --foreign Makefile

# Not a target:
config.sub:
#  Implicit rule search has not been done.
#  Modification time never checked.
 
#  File has not been updated.

# Not a target:
wisconsin-src/cpu-mapping.txt.README:
#  Implicit rule search has not been done.
#  Modification time never checked.
#  File has not been updated.

CTAGS: ctags
#  Phony target (prerequisite of .PHONY).
#  Implicit rule search has not been done.
#  File does not exist.
#  File has not been updated.

mostlyclean: mostlyclean-recursive
#  Phony target (prerequisite of .PHONY).
#  Implicit rule search has not been done.
#  File does not exist.
#  File has not been updated.
 

# Not a target:
depcomp:
#  Implicit rule search has not been done.
#  Modification time never checked.
#  File has not been updated.

install-html-am:
#  Phony target (prerequisite of .PHONY).
#  Implicit rule search has not been done.
#  File does not exist.
#  File has not been updated.

install-ps-am:
 
#  Phony target (prerequisite of .PHONY).
#  Implicit rule search has not been done.
#  File does not exist.
#  File has not been updated.

aclocal.m4: configure.ac
#  Implicit rule search has not been done.
#  Last modified 2024-08-07 15:37:19.682543679
#  File has been updated.
#  Successfully updated.
#  recipe to execute (from 'Makefile', line 350):
	$(am__cd) $(srcdir) && $(ACLOCAL) $(ACLOCAL_AMFLAGS)

 
config.h: stamp-h1
#  Implicit rule search has not been done.
#  Implicit/static pattern stem: ''
#  Last modified 2024-07-29 16:23:37.046394657
#  File has been updated.
#  Needs to be updated (-q is set).
# automatic
# @ := config.h
# automatic
# * := 
# automatic
 
# < := stamp-h1
# automatic
# + := stamp-h1
# automatic
# % := 
# automatic
# ^ := stamp-h1
# automatic
# ? := stamp-h1
# automatic
# | := 
# variable set hash-table stats:
 
# Load=8/32=25%, Rehash=0, Collisions=3/16=19%
#  recipe to execute (from 'Makefile', line 354):
	@test -f $@ || rm -f stamp-h1
	@test -f $@ || $(MAKE) $(AM_MAKEFLAGS) stamp-h1

install-exec: install-exec-recursive
#  Phony target (prerequisite of .PHONY).
#  Implicit rule search has not been done.
#  File does not exist.
#  File has not been updated.

# Not a target:
Makefile.am:
 
#  Implicit rule search has been done.
#  Last modified 2024-07-29 11:00:41.646404955
#  File has been updated.
#  Successfully updated.

dist-tarZ: distdir
#  Phony target (prerequisite of .PHONY).
#  Implicit rule search has not been done.
#  File does not exist.
#  File has not been updated.
#  recipe to execute (from 'Makefile', line 561):
	@echo WARNING: "Support for distribution archives compressed with" \
 
		       "legacy program 'compress' is deprecated." >&2
	@echo WARNING: "It will be removed altogether in Automake 2.0" >&2
	tardir=$(distdir) && $(am__tar) | compress -c >$(distdir).tar.Z
	$(am__post_remove_distdir)

install-ps: install-ps-recursive
#  Phony target (prerequisite of .PHONY).
#  Implicit rule search has not been done.
#  File does not exist.
#  File has not been updated.

installdirs: installdirs-recursive
 
#  Phony target (prerequisite of .PHONY).
#  Implicit rule search has not been done.
#  File does not exist.
#  File has not been updated.

install-data: install-data-recursive
#  Phony target (prerequisite of .PHONY).
#  Implicit rule search has not been done.
#  File does not exist.
#  File has not been updated.

install-strip:
#  Phony target (prerequisite of .PHONY).
#  Implicit rule search has not been done.
 
#  File does not exist.
#  File has not been updated.
#  recipe to execute (from 'Makefile', line 685):
	if test -z '$(STRIP)'; then \
	  $(MAKE) $(AM_MAKEFLAGS) INSTALL_PROGRAM="$(INSTALL_STRIP_PROGRAM)" \
	    install_sh_PROGRAM="$(INSTALL_STRIP_PROGRAM)" INSTALL_STRIP_FLAG=-s \
	      install; \
	else \
	  $(MAKE) $(AM_MAKEFLAGS) INSTALL_PROGRAM="$(INSTALL_STRIP_PROGRAM)" \
	    install_sh_PROGRAM="$(INSTALL_STRIP_PROGRAM)" INSTALL_STRIP_FLAG=-s \
	    "INSTALL_PROGRAM_ENV=STRIPPROG='$(STRIP)'" install; \
	fi

# Not a target:
pcm.cfg:
#  Implicit rule search has not been done.
#  Modification time never checked.
#  File has not been updated.

install: install-recursive
 
#  Phony target (prerequisite of .PHONY).
#  Implicit rule search has not been done.
#  File does not exist.
#  File has not been updated.

install-exec-recursive:
#  Phony target (prerequisite of .PHONY).
#  Implicit rule search has not been done.
#  File does not exist.
#  File has not been updated.
#  recipe to execute (from 'Makefile', line 375):
	@fail=; \
	if $(am__make_keepgoing); then \
	  failcom='fail=yes'; \
	else \
	  failcom='exit 1'; \
	fi; \
	dot_seen=no; \
	target=`echo $@ | sed s/-recursive//`; \
	case "$@" in \
	  distclean-* | maintainer-clean-*) list='$(DIST_SUBDIRS)' ;; \
	  *) list='$(SUBDIRS)' ;; \
	esac; \
	for subdir in $$list; do \
	  echo "Making $$target in $$subdir"; \
	  if test "$$subdir" = "."; then \
	    dot_seen=yes; \
	    local_target="$$target-am"; \
	  else \
	    local_target="$$target"; \
	  fi; \
	  ($(am__cd) $$subdir && $(MAKE) $(AM_MAKEFLAGS) $$local_target) \
	  || eval $$failcom; \
	done; \
	if test "$$dot_seen" = "no"; then \
	  $(MAKE) $(AM_MAKEFLAGS) "$$target-am" || exit 1; \
	fi; test -z "$$fail"

mostlyclean-am: mostlyclean-generic
 
#  Implicit rule search has not been done.
#  Modification time never checked.
#  File has not been updated.

ID: config.h.in
#  Implicit rule search has not been done.
#  Modification time never checked.
#  File has not been updated.
#  recipe to execute (from 'Makefile', line 403):
	$(am__define_uniq_tagged_files); mkid -fID $$unique

install-dvi-am:
#  Phony target (prerequisite of .PHONY).
#  Implicit rule search has not been done.
#  File does not exist.
#  File has not been updated.

install-info-am:
#  Phony target (prerequisite of .PHONY).
 
#  Implicit rule search has not been done.
#  File does not exist.
#  File has not been updated.

ctags: ctags-recursive
#  Phony target (prerequisite of .PHONY).
#  Implicit rule search has not been done.
#  File does not exist.
#  File has not been updated.

install-man:
#  Phony target (prerequisite of .PHONY).
#  Implicit rule search has not been done.
#  File does not exist.
#  File has not been updated.

cscopelist: cscopelist-recursive
 
#  Implicit rule search has not been done.
#  Modification time never checked.
#  File has not been updated.

info-am:
#  Phony target (prerequisite of .PHONY).
#  Implicit rule search has not been done.
#  File does not exist.
#  File has not been updated.

check-recursive:
#  Phony target (prerequisite of .PHONY).
#  Implicit rule search has not been done.
#  File does not exist.
#  File has not been updated.
 
#  recipe to execute (from 'Makefile', line 375):
	@fail=; \
	if $(am__make_keepgoing); then \
	  failcom='fail=yes'; \
	else \
	  failcom='exit 1'; \
	fi; \
	dot_seen=no; \
	target=`echo $@ | sed s/-recursive//`; \
	case "$@" in \
	  distclean-* | maintainer-clean-*) list='$(DIST_SUBDIRS)' ;; \
	  *) list='$(SUBDIRS)' ;; \
	esac; \
	for subdir in $$list; do \
	  echo "Making $$target in $$subdir"; \
	  if test "$$subdir" = "."; then \
	    dot_seen=yes; \
	    local_target="$$target-am"; \
	  else \
	    local_target="$$target"; \
	  fi; \
	  ($(am__cd) $$subdir && $(MAKE) $(AM_MAKEFLAGS) $$local_target) \
	  || eval $$failcom; \
	done; \
	if test "$$dot_seen" = "no"; then \
	  $(MAKE) $(AM_MAKEFLAGS) "$$target-am" || exit 1; \
	fi; test -z "$$fail"

info-recursive:
#  Phony target (prerequisite of .PHONY).
#  Implicit rule search has not been done.
#  File does not exist.
#  File has not been updated.
#  recipe to execute (from 'Makefile', line 375):
	@fail=; \
	if $(am__make_keepgoing); then \
	  failcom='fail=yes'; \
	else \
	  failcom='exit 1'; \
	fi; \
	dot_seen=no; \
	target=`echo $@ | sed s/-recursive//`; \
	case "$@" in \
	  distclean-* | maintainer-clean-*) list='$(DIST_SUBDIRS)' ;; \
	  *) list='$(SUBDIRS)' ;; \
	esac; \
	for subdir in $$list; do \
	  echo "Making $$target in $$subdir"; \
	  if test "$$subdir" = "."; then \
	    dot_seen=yes; \
	    local_target="$$target-am"; \
	  else \
	    local_target="$$target"; \
	  fi; \
	  ($(am__cd) $$subdir && $(MAKE) $(AM_MAKEFLAGS) $$local_target) \
	  || eval $$failcom; \
	done; \
	if test "$$dot_seen" = "no"; then \
	  $(MAKE) $(AM_MAKEFLAGS) "$$target-am" || exit 1; \
	fi; test -z "$$fail"

.MAKE: all-recursive check-recursive cscopelist-recursive ctags-recursive dvi-recursive html-recursive info-recursive install-data-recursive install-dvi-recursive install-exec-recursive install-html-recursive install-info-recursive install-pdf-recursive install-ps-recursive install-recursive installcheck-recursive installdirs-recursive pdf-recursive ps-recursive tags-recursive uninstall-recursive mostlyclean-recursive clean-recursive distclean-recursive maintainer-clean-recursive all install-am install-strip
#  Implicit rule search has not been done.
#  Modification time never checked.
#  File has not been updated.

.NOEXPORT:
#  Implicit rule search has not been done.
#  Modification time never checked.
#  File has not been updated.
 

install-pdf-recursive:
#  Phony target (prerequisite of .PHONY).
#  Implicit rule search has not been done.
#  File does not exist.
#  File has not been updated.
#  recipe to execute (from 'Makefile', line 375):
	@fail=; \
	if $(am__make_keepgoing); then \
	  failcom='fail=yes'; \
	else \
	  failcom='exit 1'; \
	fi; \
	dot_seen=no; \
	target=`echo $@ | sed s/-recursive//`; \
	case "$@" in \
	  distclean-* | maintainer-clean-*) list='$(DIST_SUBDIRS)' ;; \
	  *) list='$(SUBDIRS)' ;; \
	esac; \
	for subdir in $$list; do \
	  echo "Making $$target in $$subdir"; \
	  if test "$$subdir" = "."; then \
	    dot_seen=yes; \
	    local_target="$$target-am"; \
	  else \
	    local_target="$$target"; \
	  fi; \
	  ($(am__cd) $$subdir && $(MAKE) $(AM_MAKEFLAGS) $$local_target) \
	  || eval $$failcom; \
	done; \
	if test "$$dot_seen" = "no"; then \
	  $(MAKE) $(AM_MAKEFLAGS) "$$target-am" || exit 1; \
	fi; test -z "$$fail"

ctags-recursive:
#  Phony target (prerequisite of .PHONY).
#  Implicit rule search has not been done.
#  File does not exist.
#  File has not been updated.
#  recipe to execute (from 'Makefile', line 375):
 
	@fail=; \
	if $(am__make_keepgoing); then \
	  failcom='fail=yes'; \
	else \
	  failcom='exit 1'; \
	fi; \
	dot_seen=no; \
	target=`echo $@ | sed s/-recursive//`; \
	case "$@" in \
	  distclean-* | maintainer-clean-*) list='$(DIST_SUBDIRS)' ;; \
	  *) list='$(SUBDIRS)' ;; \
	esac; \
	for subdir in $$list; do \
	  echo "Making $$target in $$subdir"; \
	  if test "$$subdir" = "."; then \
	    dot_seen=yes; \
	    local_target="$$target-am"; \
	  else \
	    local_target="$$target"; \
	  fi; \
	  ($(am__cd) $$subdir && $(MAKE) $(AM_MAKEFLAGS) $$local_target) \
	  || eval $$failcom; \
	done; \
	if test "$$dot_seen" = "no"; then \
	  $(MAKE) $(AM_MAKEFLAGS) "$$target-am" || exit 1; \
	fi; test -z "$$fail"

.SUFFIXES:
#  Implicit rule search has not been done.
#  Modification time never checked.
#  File has not been updated.

uninstall-am:
#  Phony target (prerequisite of .PHONY).
#  Implicit rule search has not been done.
#  File does not exist.
#  File has not been updated.

.PHONY: all-recursive check-recursive cscopelist-recursive ctags-recursive dvi-recursive html-recursive info-recursive install-data-recursive install-dvi-recursive install-exec-recursive install-html-recursive install-info-recursive install-pdf-recursive install-ps-recursive install-recursive installcheck-recursive installdirs-recursive pdf-recursive ps-recursive tags-recursive uninstall-recursive mostlyclean-recursive clean-recursive distclean-recursive maintainer-clean-recursive CTAGS GTAGS TAGS all all-am am--refresh check check-am clean clean-cscope clean-generic cscope cscopelist-am ctags ctags-am dist dist-all dist-bzip2 dist-gzip dist-lzip dist-shar dist-tarZ dist-xz dist-zip dist-zstd distcheck distclean distclean-generic distclean-hdr distclean-tags distcleancheck distdir distuninstallcheck dvi dvi-am html html-am info info-am install install-am install-data install-data-am install-dvi install-dvi-am install-exec install-exec-am install-html install-html-am install-info install-info-am install-man install-pdf install-pdf-am install-ps install-ps-am install-strip installcheck installcheck-am installdirs installdirs-am maintainer-clean maintainer-clean-generic mostlyclean mostlyclean-generic pdf pdf-am ps ps-am tags tags-am uninstall uninstall-am
 
#  Implicit rule search has not been done.
#  Modification time never checked.
#  File has not been updated.

# Not a target:
README:
#  Implicit rule search has not been done.
#  Modification time never checked.
#  File has not been updated.

# Not a target:
install-sh:
#  Implicit rule search has not been done.
#  Modification time never checked.
#  File has not been updated.

 
clean-cscope:
#  Phony target (prerequisite of .PHONY).
#  Implicit rule search has not been done.
#  File does not exist.
#  File has not been updated.
#  recipe to execute (from 'Makefile', line 452):
	-rm -f cscope.files

html-am:
#  Phony target (prerequisite of .PHONY).
#  Implicit rule search has not been done.
#  File does not exist.
#  File has not been updated.

 
tags: tags-recursive
#  Phony target (prerequisite of .PHONY).
#  Implicit rule search has not been done.
#  File does not exist.
#  File has not been updated.

installdirs-recursive:
#  Phony target (prerequisite of .PHONY).
#  Implicit rule search has not been done.
#  File does not exist.
#  File has not been updated.
#  recipe to execute (from 'Makefile', line 375):
	@fail=; \
	if $(am__make_keepgoing); then \
	  failcom='fail=yes'; \
	else \
	  failcom='exit 1'; \
	fi; \
	dot_seen=no; \
	target=`echo $@ | sed s/-recursive//`; \
	case "$@" in \
	  distclean-* | maintainer-clean-*) list='$(DIST_SUBDIRS)' ;; \
	  *) list='$(SUBDIRS)' ;; \
	esac; \
	for subdir in $$list; do \
	  echo "Making $$target in $$subdir"; \
	  if test "$$subdir" = "."; then \
	    dot_seen=yes; \
	    local_target="$$target-am"; \
	  else \
	    local_target="$$target"; \
	  fi; \
	  ($(am__cd) $$subdir && $(MAKE) $(AM_MAKEFLAGS) $$local_target) \
	  || eval $$failcom; \
	done; \
	if test "$$dot_seen" = "no"; then \
	  $(MAKE) $(AM_MAKEFLAGS) "$$target-am" || exit 1; \
	fi; test -z "$$fail"

 
GTAGS:
#  Phony target (prerequisite of .PHONY).
#  Implicit rule search has not been done.
#  File does not exist.
#  File has not been updated.
#  recipe to execute (from 'Makefile', line 445):
	here=`$(am__cd) $(top_builddir) && pwd` \
	  && $(am__cd) $(top_srcdir) \
	  && gtags -i $(GTAGS_ARGS) "$$here"

dist-all:
#  Phony target (prerequisite of .PHONY).
#  Implicit rule search has not been done.
#  File does not exist.
#  File has not been updated.
 
#  recipe to execute (from 'Makefile', line 580):
	$(MAKE) $(AM_MAKEFLAGS) $(DIST_TARGETS) am__post_remove_distdir='@:'
	$(am__post_remove_distdir)

clean-am: clean-generic mostlyclean-am
#  Implicit rule search has not been done.
#  Modification time never checked.
#  File has not been updated.

# files hash-table stats:
# Load=135/1024=13%, Rehash=0, Collisions=32/380=8%
# VPATH Search Paths

 
# No 'vpath' search paths.

# No general ('VPATH' variable) search path.

# strcache buffers: 1 (0) / strings = 155 / storage = 1876 B / avg = 12 B
# current buf: size = 8162 B / used = 1876 B / count = 155 / avg = 12 B

# strcache performance: lookups = 507 / hit rate = 69%
# hash-table stats:
 
# Load=155/8192=2%, Rehash=0, Collisions=14/507=3%
# Finished Make data base on Mon Oct 28 09:58:11 2024

 
